✓ s_a.mp4  0.0s → 10.5 s
✓ s_b.mp4  10.5s → 13.9 s
✓ s_c.mp4  24.4s → 13.4 s
Escena 1/3…
Escena 2/3…
Escena 3/3…
Vídeo listo: C:\Users\Propietario\Downloads\faceless\youtube\video_004_corte_ingles\shorts\short_01\output/_sin_normalizar.mp4 (37.7 s)
✓ ../../output/SHORT_01_el_jeque.mp4 listo
✓ s_a.mp4  0.0s → 11.8 s
✓ s_b.mp4  11.8s → 23.6 s
Escena 1/2…
Escena 2/2…
Vídeo listo: C:\Users\Propietario\Downloads\faceless\youtube\video_004_corte_ingles\shorts\short_02\output/_sin_normalizar.mp4 (35.3 s)
✓ ../../output/SHORT_02_su_propio_casero.mp4 listo
✓ s_a.mp4  0.0s → 4.8 s
✓ s_b.mp4  4.8s → 12.3 s
✓ s_c.mp4  17.1s → 11.4 s
✓ s_d.mp4  28.4s → 13.8 s
Escena 1/4…
Escena 2/4…
Escena 3/4…
Escena 4/4…
Vídeo listo: C:\Users\Propietario\Downloads\faceless\youtube\video_004_corte_ingles\shorts\short_03\output/_sin_normalizar.mp4 (42.2 s)
✓ ../../output/SHORT_03_zara_13_eci_3.mp4 listo
