✓ s_a.mp4  0.0s → 6.8 s
✓ s_b.mp4  6.8s → 16.1 s
✓ s_c.mp4  22.9s → 9.7 s
Escena 1/3…
Escena 2/3…
Escena 3/3…
Vídeo listo: C:\Users\Propietario\Downloads\faceless\youtube\video_003_zara\shorts\short_01\output/_sin_normalizar.mp4 (32.6 s)
✓ ../../output/SHORT_01_9_millones_al_dia.mp4 listo
✓ s_a.mp4  0.0s → 4.9 s
✓ s_b.mp4  4.9s → 16.5 s
✓ s_c.mp4  21.4s → 20.5 s
Escena 1/3…
Escena 2/3…
Escena 3/3…
Vídeo listo: C:\Users\Propietario\Downloads\faceless\youtube\video_003_zara\shorts\short_02\output/_sin_normalizar.mp4 (42.0 s)
✓ ../../output/SHORT_02_zara_casi_no_malvende.mp4 listo
✓ s_a.mp4  0.0s → 4.6 s
✓ s_b.mp4  4.6s → 11.8 s
✓ s_c.mp4  16.4s → 20.7 s
Escena 1/3…
Escena 2/3…
Escena 3/3…
Vídeo listo: C:\Users\Propietario\Downloads\faceless\youtube\video_003_zara\shorts\short_03\output/_sin_normalizar.mp4 (37.1 s)
✓ ../../output/SHORT_03_hacienda_gana_mas.mp4 listo
